Archive member included because of file (symbol)

/Users/saulricardogomez/pebble-dev/pebble-sdk-release-001/ppf/lib/libpebble.a(tmpE96Sgtpebble_os.o)
                              src/ppf.c.1.o (app_event_loop)
/Users/saulricardogomez/pebble-dev/arm-cs-tools/bin/../lib/gcc/arm-none-eabi/4.6.3/../../../../arm-none-eabi/lib/thumb2/libc.a(lib_a-memmove.o)
                              src/ppf.c.1.o (memmove)
/Users/saulricardogomez/pebble-dev/arm-cs-tools/bin/../lib/gcc/arm-none-eabi/4.6.3/../../../../arm-none-eabi/lib/thumb2/libc.a(lib_a-memset.o)
                              src/ppf.c.1.o (memset)

Allocating common symbols
Common symbol       size              file

timePresentLayer    0x38              src/ppf.c.1.o
background_image_container
                    0x44              src/ppf.c.1.o
timeFutureLayer     0x38              src/ppf.c.1.o
timePastLayer       0x38              src/ppf.c.1.o
window              0x58              src/ppf.c.1.o

Memory Configuration

Name             Origin             Length             Attributes
APP              0x0000000000000000 0x0000000000006000 xrw
*default*        0x0000000000000000 0xffffffffffffffff

Linker script and memory map

LOAD /Users/saulricardogomez/pebble-dev/arm-cs-tools/bin/../lib/gcc/arm-none-eabi/4.6.3/thumb2/crti.o
LOAD /Users/saulricardogomez/pebble-dev/arm-cs-tools/bin/../lib/gcc/arm-none-eabi/4.6.3/thumb2/crtbegin.o
LOAD src/ppf.c.1.o
LOAD /Users/saulricardogomez/pebble-dev/pebble-sdk-release-001/ppf/lib/libpebble.a
START GROUP
LOAD /Users/saulricardogomez/pebble-dev/arm-cs-tools/bin/../lib/gcc/arm-none-eabi/4.6.3/thumb2/libgcc.a
LOAD /Users/saulricardogomez/pebble-dev/arm-cs-tools/bin/../lib/gcc/arm-none-eabi/4.6.3/../../../../arm-none-eabi/lib/thumb2/libc.a
END GROUP
LOAD /Users/saulricardogomez/pebble-dev/arm-cs-tools/bin/../lib/gcc/arm-none-eabi/4.6.3/thumb2/crtend.o
LOAD /Users/saulricardogomez/pebble-dev/arm-cs-tools/bin/../lib/gcc/arm-none-eabi/4.6.3/thumb2/crtn.o

.header         0x0000000000000000       0x7c
 *(.pbl_header)
 .pbl_header    0x0000000000000000       0x7c src/ppf.c.1.o
                0x0000000000000000                __pbl_app_info

.text           0x000000000000007c     0x10b0
 *(.text)
 .text          0x000000000000007c        0x0 /Users/saulricardogomez/pebble-dev/arm-cs-tools/bin/../lib/gcc/arm-none-eabi/4.6.3/thumb2/crti.o
 .text          0x000000000000007c       0x68 /Users/saulricardogomez/pebble-dev/arm-cs-tools/bin/../lib/gcc/arm-none-eabi/4.6.3/thumb2/crtbegin.o
 .text          0x00000000000000e4      0x4bc src/ppf.c.1.o
                0x00000000000000e4                update_time_display
                0x00000000000002a0                handle_init
                0x0000000000000508                handle_deinit
                0x0000000000000548                pbl_main
 .text          0x00000000000005a0      0xb8c /Users/saulricardogomez/pebble-dev/pebble-sdk-release-001/ppf/lib/libpebble.a(tmpE96Sgtpebble_os.o)
                0x00000000000005a0                animation_init
                0x00000000000005ac                animation_set_delay
                0x00000000000005b8                animation_set_duration
                0x00000000000005c4                animation_set_curve
                0x00000000000005d0                animation_set_handlers
                0x00000000000005dc                animation_set_implementation
                0x00000000000005e8                animation_get_context
                0x00000000000005f4                animation_schedule
                0x0000000000000600                animation_unschedule
                0x000000000000060c                animation_unschedule_all
                0x0000000000000618                animation_is_scheduled
                0x0000000000000624                app_timer_send_event
                0x0000000000000630                app_timer_cancel_event
                0x000000000000063c                app_event_loop
                0x0000000000000648                bmp_init_container
                0x0000000000000654                bmp_deinit_container
                0x0000000000000660                cos_lookup
                0x000000000000066c                fonts_get_system_font
                0x0000000000000678                fonts_load_custom_font
                0x0000000000000684                fonts_unload_custom_font
                0x0000000000000690                graphics_context_set_stroke_color
                0x000000000000069c                graphics_context_set_fill_color
                0x00000000000006a8                graphics_context_set_text_color
                0x00000000000006b4                graphics_context_set_compositing_mode
                0x00000000000006c0                graphics_draw_pixel
                0x00000000000006cc                graphics_draw_line
                0x00000000000006d8                graphics_fill_rect
                0x00000000000006e4                graphics_draw_circle
                0x00000000000006f0                graphics_fill_circle
                0x00000000000006fc                graphics_draw_round_rect
                0x0000000000000708                get_time
                0x0000000000000714                gpath_init
                0x0000000000000720                gpath_move_to
                0x000000000000072c                gpath_rotate_to
                0x0000000000000738                gpath_draw_outline
                0x0000000000000744                gpath_draw_filled
                0x0000000000000750                grect_center_point
                0x000000000000075c                layer_mark_dirty
                0x0000000000000768                layer_remove_from_parent
                0x0000000000000774                layer_add_child
                0x0000000000000780                layer_get_frame
                0x000000000000078c                layer_set_frame
                0x0000000000000798                layer_set_hidden
                0x00000000000007a4                layer_init
                0x00000000000007b0                light_enable
                0x00000000000007bc                light_enable_interaction
                0x00000000000007c8                psleep
                0x00000000000007d4                resource_init_current_app
                0x00000000000007e0                resource_get_handle
                0x00000000000007ec                resource_load
                0x00000000000007f8                resource_load_byte_range
                0x0000000000000804                resource_size
                0x0000000000000810                rotbmp_deinit_container
                0x000000000000081c                rotbmp_init_container
                0x0000000000000828                rotbmp_pair_deinit_container
                0x0000000000000834                rotbmp_pair_init_container
                0x0000000000000840                rotbmp_pair_layer_set_src_ic
                0x000000000000084c                rotbmp_pair_layer_set_angle
                0x0000000000000858                window_init
                0x0000000000000864                window_stack_push
                0x0000000000000870                window_set_click_config_provider
                0x000000000000087c                window_set_background_color
                0x0000000000000888                window_render
                0x0000000000000894                window_set_fullscreen
                0x00000000000008a0                sin_lookup
                0x00000000000008ac                string_format_time
                0x00000000000008b8                text_layer_init
                0x00000000000008c4                text_layer_get_text
                0x00000000000008d0                text_layer_set_text
                0x00000000000008dc                text_layer_set_font
                0x00000000000008e8                text_layer_set_text_color
                0x00000000000008f4                text_layer_set_background_color
                0x0000000000000900                vibes_double_pulse
                0x000000000000090c                vibes_enqueue_custom_pattern
                0x0000000000000918                vibes_long_pulse
                0x0000000000000924                vibes_short_pulse
                0x0000000000000930                app_get_current_graphics_context
                0x000000000000093c                clock_is_24h_style
                0x0000000000000948                property_animation_init_layer_frame
                0x0000000000000954                text_layer_set_text_alignment
                0x0000000000000960                graphics_draw_bitmap_in_rect
                0x000000000000096c                graphics_text_draw
                0x0000000000000978                layer_set_bounds
                0x0000000000000984                layer_get_bounds
                0x0000000000000990                layer_set_update_proc
                0x000000000000099c                layer_get_window
                0x00000000000009a8                layer_remove_child_layers
                0x00000000000009b4                layer_insert_below_sibling
                0x00000000000009c0                layer_insert_above_sibling
                0x00000000000009cc                layer_get_hidden
                0x00000000000009d8                layer_set_clips
                0x00000000000009e4                layer_get_clips
                0x00000000000009f0                text_layer_get_max_used_size
                0x00000000000009fc                text_layer_set_size
                0x0000000000000a08                text_layer_set_overflow_mode
                0x0000000000000a14                graphics_text_layout_get_max_used_size
                0x0000000000000a20                inverter_layer_init
                0x0000000000000a2c                bitmap_layer_init
                0x0000000000000a38                bitmap_layer_set_bitmap
                0x0000000000000a44                bitmap_layer_set_alignment
                0x0000000000000a50                bitmap_layer_set_background_color
                0x0000000000000a5c                bitmap_layer_set_compositing_mode
                0x0000000000000a68                heap_bitmap_init
                0x0000000000000a74                heap_bitmap_deinit
                0x0000000000000a80                click_recognizer_get_button_id
                0x0000000000000a8c                click_number_of_clicks_counted
                0x0000000000000a98                menu_cell_basic_draw
                0x0000000000000aa4                menu_cell_title_draw
                0x0000000000000ab0                menu_cell_basic_header_draw
                0x0000000000000abc                menu_layer_init
                0x0000000000000ac8                menu_layer_get_layer
                0x0000000000000ad4                menu_layer_set_callbacks
                0x0000000000000ae0                menu_layer_set_click_config_onto_window
                0x0000000000000aec                menu_layer_set_selected_next
                0x0000000000000af8                menu_layer_set_selected_index
                0x0000000000000b04                menu_layer_reload_data
                0x0000000000000b10                menu_index_compare
                0x0000000000000b1c                scroll_layer_init
                0x0000000000000b28                scroll_layer_add_child
                0x0000000000000b34                scroll_layer_set_click_config_onto_window
                0x0000000000000b40                scroll_layer_set_callbacks
                0x0000000000000b4c                scroll_layer_set_context
                0x0000000000000b58                scroll_layer_set_content_offset
                0x0000000000000b64                scroll_layer_get_content_offset
                0x0000000000000b70                scroll_layer_set_content_size
                0x0000000000000b7c                scroll_layer_get_content_size
                0x0000000000000b88                scroll_layer_set_frame
                0x0000000000000b94                scroll_layer_scroll_up_click_handler
                0x0000000000000ba0                scroll_layer_scroll_down_click_handler
                0x0000000000000bac                simple_menu_layer_init
                0x0000000000000bb8                simple_menu_layer_get_layer
                0x0000000000000bc4                simple_menu_layer_get_selected_index
                0x0000000000000bd0                simple_menu_layer_set_selected_index
                0x0000000000000bdc                window_deinit
                0x0000000000000be8                window_set_click_config_provider_with_context
                0x0000000000000bf4                window_get_click_config_provider
                0x0000000000000c00                window_set_window_handlers
                0x0000000000000c0c                window_get_root_layer
                0x0000000000000c18                window_get_fullscreen
                0x0000000000000c24                window_set_status_bar_icon
                0x0000000000000c30                window_is_loaded
                0x0000000000000c3c                window_stack_pop
                0x0000000000000c48                window_stack_pop_all
                0x0000000000000c54                window_stack_contains_window
                0x0000000000000c5c                window_stack_get_top_window
                0x0000000000000c64                window_stack_remove
                0x0000000000000c6c                property_animation_init
                0x0000000000000c74                property_animation_update_int16
                0x0000000000000c7c                property_animation_update_gpoint
                0x0000000000000c84                property_animation_update_grect
                0x0000000000000c8c                app_message_register_callbacks
                0x0000000000000c94                app_message_deregister_callbacks
                0x0000000000000c9c                app_message_out_get
                0x0000000000000ca4                app_message_out_send
                0x0000000000000cac                app_message_out_release
                0x0000000000000cb4                app_sync_init
                0x0000000000000cbc                app_sync_deinit
                0x0000000000000cc4                app_sync_set
                0x0000000000000ccc                app_sync_get
                0x0000000000000cd4                dict_calc_buffer_size
                0x0000000000000cdc                dict_write_begin
                0x0000000000000ce4                dict_write_data
                0x0000000000000cec                dict_write_cstring
                0x0000000000000cf4                dict_write_int
                0x0000000000000cfc                dict_write_uint8
                0x0000000000000d04                dict_write_uint16
                0x0000000000000d0c                dict_write_uint32
                0x0000000000000d14                dict_write_int8
                0x0000000000000d1c                dict_write_int16
                0x0000000000000d24                dict_write_int32
                0x0000000000000d2c                dict_write_end
                0x0000000000000d34                dict_read_begin_from_buffer
                0x0000000000000d3c                dict_read_next
                0x0000000000000d44                dict_read_first
                0x0000000000000d4c                dict_serialize_tuplets
                0x0000000000000d54                dict_serialize_tuplets_to_buffer
                0x0000000000000d5c                dict_serialize_tuplets_to_buffer_with_iter
                0x0000000000000d64                dict_write_tuplet
                0x0000000000000d6c                dict_calc_buffer_size_from_tuplets
                0x0000000000000d74                dict_merge
                0x0000000000000d7c                dict_find
                0x0000000000000d84                action_bar_layer_init
                0x0000000000000d8c                action_bar_layer_set_context
                0x0000000000000d94                action_bar_layer_set_click_config_provider
                0x0000000000000d9c                action_bar_layer_set_icon
                0x0000000000000da4                action_bar_layer_clear_icon
                0x0000000000000dac                action_bar_layer_add_to_window
                0x0000000000000db4                action_bar_layer_remove_from_window
                0x0000000000000dbc                action_bar_layer_set_background_color
                0x0000000000000dc4                number_window_init
                0x0000000000000dcc                number_window_set_label
                0x0000000000000dd4                number_window_set_max
                0x0000000000000ddc                number_window_set_min
                0x0000000000000de4                number_window_set_value
                0x0000000000000dec                number_window_set_step_size
                0x0000000000000df4                number_window_get_value
                0x0000000000000dfc                clock_copy_time_string
 .text          0x000000000000112c        0x0 /Users/saulricardogomez/pebble-dev/arm-cs-tools/bin/../lib/gcc/arm-none-eabi/4.6.3/../../../../arm-none-eabi/lib/thumb2/libc.a(lib_a-memmove.o)
 .text          0x000000000000112c        0x0 /Users/saulricardogomez/pebble-dev/arm-cs-tools/bin/../lib/gcc/arm-none-eabi/4.6.3/../../../../arm-none-eabi/lib/thumb2/libc.a(lib_a-memset.o)
 .text          0x000000000000112c        0x0 /Users/saulricardogomez/pebble-dev/arm-cs-tools/bin/../lib/gcc/arm-none-eabi/4.6.3/thumb2/crtend.o
 .text          0x000000000000112c        0x0 /Users/saulricardogomez/pebble-dev/arm-cs-tools/bin/../lib/gcc/arm-none-eabi/4.6.3/thumb2/crtn.o

.glue_7         0x000000000000112c        0x0
 .glue_7        0x0000000000000000        0x0 linker stubs

.glue_7t        0x000000000000112c        0x0
 .glue_7t       0x0000000000000000        0x0 linker stubs

.vfp11_veneer   0x000000000000112c        0x0
 .vfp11_veneer  0x0000000000000000        0x0 linker stubs

.v4_bx          0x000000000000112c        0x0
 .v4_bx         0x0000000000000000        0x0 linker stubs

.init           0x000000000000112c        0xc
 .init          0x000000000000112c        0x4 /Users/saulricardogomez/pebble-dev/arm-cs-tools/bin/../lib/gcc/arm-none-eabi/4.6.3/thumb2/crti.o
                0x000000000000112c                _init
 .init          0x0000000000001130        0x8 /Users/saulricardogomez/pebble-dev/arm-cs-tools/bin/../lib/gcc/arm-none-eabi/4.6.3/thumb2/crtn.o

.fini           0x0000000000001138        0xc
 .fini          0x0000000000001138        0x4 /Users/saulricardogomez/pebble-dev/arm-cs-tools/bin/../lib/gcc/arm-none-eabi/4.6.3/thumb2/crti.o
                0x0000000000001138                _fini
 .fini          0x000000000000113c        0x8 /Users/saulricardogomez/pebble-dev/arm-cs-tools/bin/../lib/gcc/arm-none-eabi/4.6.3/thumb2/crtn.o

.iplt           0x0000000000001144        0x0
 .iplt          0x0000000000000000        0x0 /Users/saulricardogomez/pebble-dev/arm-cs-tools/bin/../lib/gcc/arm-none-eabi/4.6.3/thumb2/crti.o

.text.memmove   0x0000000000001144       0x3c
 .text.memmove  0x0000000000001144       0x3c /Users/saulricardogomez/pebble-dev/arm-cs-tools/bin/../lib/gcc/arm-none-eabi/4.6.3/../../../../arm-none-eabi/lib/thumb2/libc.a(lib_a-memmove.o)
                0x0000000000001144                memmove

.text.memset    0x0000000000001180       0x10
 .text.memset   0x0000000000001180       0x10 /Users/saulricardogomez/pebble-dev/arm-cs-tools/bin/../lib/gcc/arm-none-eabi/4.6.3/../../../../arm-none-eabi/lib/thumb2/libc.a(lib_a-memset.o)
                0x0000000000001180                memset

.data           0x0000000000001190       0x1c
 *(.data)
 .data          0x0000000000001190        0x0 /Users/saulricardogomez/pebble-dev/arm-cs-tools/bin/../lib/gcc/arm-none-eabi/4.6.3/thumb2/crti.o
 .data          0x0000000000001190        0x4 /Users/saulricardogomez/pebble-dev/arm-cs-tools/bin/../lib/gcc/arm-none-eabi/4.6.3/thumb2/crtbegin.o
                0x0000000000001190                __dso_handle
 .data          0x0000000000001194       0x18 src/ppf.c.1.o
 .data          0x00000000000011ac        0x0 /Users/saulricardogomez/pebble-dev/pebble-sdk-release-001/ppf/lib/libpebble.a(tmpE96Sgtpebble_os.o)
 .data          0x00000000000011ac        0x0 /Users/saulricardogomez/pebble-dev/arm-cs-tools/bin/../lib/gcc/arm-none-eabi/4.6.3/../../../../arm-none-eabi/lib/thumb2/libc.a(lib_a-memmove.o)
 .data          0x00000000000011ac        0x0 /Users/saulricardogomez/pebble-dev/arm-cs-tools/bin/../lib/gcc/arm-none-eabi/4.6.3/../../../../arm-none-eabi/lib/thumb2/libc.a(lib_a-memset.o)
 .data          0x00000000000011ac        0x0 /Users/saulricardogomez/pebble-dev/arm-cs-tools/bin/../lib/gcc/arm-none-eabi/4.6.3/thumb2/crtend.o
 .data          0x00000000000011ac        0x0 /Users/saulricardogomez/pebble-dev/arm-cs-tools/bin/../lib/gcc/arm-none-eabi/4.6.3/thumb2/crtn.o

.igot.plt       0x00000000000011ac        0x0
 .igot.plt      0x0000000000000000        0x0 /Users/saulricardogomez/pebble-dev/arm-cs-tools/bin/../lib/gcc/arm-none-eabi/4.6.3/thumb2/crti.o

.got            0x00000000000011ac       0x14
 .got           0x00000000000011ac       0x14 /Users/saulricardogomez/pebble-dev/arm-cs-tools/bin/../lib/gcc/arm-none-eabi/4.6.3/thumb2/crti.o

.got.plt        0x00000000000011c0        0xc
 .got.plt       0x00000000000011c0        0xc /Users/saulricardogomez/pebble-dev/arm-cs-tools/bin/../lib/gcc/arm-none-eabi/4.6.3/thumb2/crti.o
                0x00000000000011c0                _GLOBAL_OFFSET_TABLE_

.init_array     0x00000000000011cc        0x4
 .init_array    0x00000000000011cc        0x4 /Users/saulricardogomez/pebble-dev/arm-cs-tools/bin/../lib/gcc/arm-none-eabi/4.6.3/thumb2/crtbegin.o

.fini_array     0x00000000000011d0        0x4
 .fini_array    0x00000000000011d0        0x4 /Users/saulricardogomez/pebble-dev/arm-cs-tools/bin/../lib/gcc/arm-none-eabi/4.6.3/thumb2/crtbegin.o

.jcr            0x00000000000011d4        0x4
 .jcr           0x00000000000011d4        0x0 /Users/saulricardogomez/pebble-dev/arm-cs-tools/bin/../lib/gcc/arm-none-eabi/4.6.3/thumb2/crtbegin.o
 .jcr           0x00000000000011d4        0x4 /Users/saulricardogomez/pebble-dev/arm-cs-tools/bin/../lib/gcc/arm-none-eabi/4.6.3/thumb2/crtend.o

.bss            0x00000000000011d8      0x160
 *(.bss)
 .bss           0x00000000000011d8        0x0 /Users/saulricardogomez/pebble-dev/arm-cs-tools/bin/../lib/gcc/arm-none-eabi/4.6.3/thumb2/crti.o
 .bss           0x00000000000011d8       0x1c /Users/saulricardogomez/pebble-dev/arm-cs-tools/bin/../lib/gcc/arm-none-eabi/4.6.3/thumb2/crtbegin.o
 .bss           0x00000000000011f4        0x0 src/ppf.c.1.o
 .bss           0x00000000000011f4        0x0 /Users/saulricardogomez/pebble-dev/pebble-sdk-release-001/ppf/lib/libpebble.a(tmpE96Sgtpebble_os.o)
 .bss           0x00000000000011f4        0x0 /Users/saulricardogomez/pebble-dev/arm-cs-tools/bin/../lib/gcc/arm-none-eabi/4.6.3/../../../../arm-none-eabi/lib/thumb2/libc.a(lib_a-memmove.o)
 .bss           0x00000000000011f4        0x0 /Users/saulricardogomez/pebble-dev/arm-cs-tools/bin/../lib/gcc/arm-none-eabi/4.6.3/../../../../arm-none-eabi/lib/thumb2/libc.a(lib_a-memset.o)
 .bss           0x00000000000011f4        0x0 /Users/saulricardogomez/pebble-dev/arm-cs-tools/bin/../lib/gcc/arm-none-eabi/4.6.3/thumb2/crtend.o
 .bss           0x00000000000011f4        0x0 /Users/saulricardogomez/pebble-dev/arm-cs-tools/bin/../lib/gcc/arm-none-eabi/4.6.3/thumb2/crtn.o
 COMMON         0x00000000000011f4      0x144 src/ppf.c.1.o
                0x00000000000011f4                timePresentLayer
                0x000000000000122c                background_image_container
                0x0000000000001270                timeFutureLayer
                0x00000000000012a8                timePastLayer
                0x00000000000012e0                window

DISCARD         0x0000000000001338        0x4
 libc.a(*)
 libm.a(*)
 libgcc.a(*)
 *(.eh_frame)
 .eh_frame      0x0000000000001338        0x0 /Users/saulricardogomez/pebble-dev/arm-cs-tools/bin/../lib/gcc/arm-none-eabi/4.6.3/thumb2/crtbegin.o
 .eh_frame      0x0000000000001338        0x4 /Users/saulricardogomez/pebble-dev/arm-cs-tools/bin/../lib/gcc/arm-none-eabi/4.6.3/thumb2/crtend.o
OUTPUT(/Users/saulricardogomez/pebble-dev/pebble-sdk-release-001/ppf/build/pebble-app.elf elf32-littlearm)

.rodata         0x000000000000133c       0x64
 .rodata        0x000000000000133c       0x64 src/ppf.c.1.o

.rel.dyn        0x00000000000013a0        0x0
 .rel.iplt      0x0000000000000000        0x0 /Users/saulricardogomez/pebble-dev/arm-cs-tools/bin/../lib/gcc/arm-none-eabi/4.6.3/thumb2/crti.o
 .rel.got       0x0000000000000000        0x0 /Users/saulricardogomez/pebble-dev/arm-cs-tools/bin/../lib/gcc/arm-none-eabi/4.6.3/thumb2/crti.o

.ARM.attributes
                0x0000000000000000       0x27
 .ARM.attributes
                0x0000000000000000       0x1b /Users/saulricardogomez/pebble-dev/arm-cs-tools/bin/../lib/gcc/arm-none-eabi/4.6.3/thumb2/crti.o
 .ARM.attributes
                0x000000000000001b       0x2b /Users/saulricardogomez/pebble-dev/arm-cs-tools/bin/../lib/gcc/arm-none-eabi/4.6.3/thumb2/crtbegin.o
 .ARM.attributes
                0x0000000000000046       0x33 src/ppf.c.1.o
 .ARM.attributes
                0x0000000000000079       0x21 /Users/saulricardogomez/pebble-dev/pebble-sdk-release-001/ppf/lib/libpebble.a(tmpE96Sgtpebble_os.o)
 .ARM.attributes
                0x000000000000009a       0x2b /Users/saulricardogomez/pebble-dev/arm-cs-tools/bin/../lib/gcc/arm-none-eabi/4.6.3/../../../../arm-none-eabi/lib/thumb2/libc.a(lib_a-memmove.o)
 .ARM.attributes
                0x00000000000000c5       0x2b /Users/saulricardogomez/pebble-dev/arm-cs-tools/bin/../lib/gcc/arm-none-eabi/4.6.3/../../../../arm-none-eabi/lib/thumb2/libc.a(lib_a-memset.o)
 .ARM.attributes
                0x00000000000000f0       0x2b /Users/saulricardogomez/pebble-dev/arm-cs-tools/bin/../lib/gcc/arm-none-eabi/4.6.3/thumb2/crtend.o
 .ARM.attributes
                0x000000000000011b       0x1b /Users/saulricardogomez/pebble-dev/arm-cs-tools/bin/../lib/gcc/arm-none-eabi/4.6.3/thumb2/crtn.o

.comment        0x0000000000000000       0x4e
 .comment       0x0000000000000000       0x4e /Users/saulricardogomez/pebble-dev/arm-cs-tools/bin/../lib/gcc/arm-none-eabi/4.6.3/thumb2/crtbegin.o
                                         0x4f (size before relaxing)
 .comment       0x0000000000000000       0x4f src/ppf.c.1.o
 .comment       0x0000000000000000       0x4f /Users/saulricardogomez/pebble-dev/arm-cs-tools/bin/../lib/gcc/arm-none-eabi/4.6.3/../../../../arm-none-eabi/lib/thumb2/libc.a(lib_a-memmove.o)
 .comment       0x0000000000000000       0x4f /Users/saulricardogomez/pebble-dev/arm-cs-tools/bin/../lib/gcc/arm-none-eabi/4.6.3/../../../../arm-none-eabi/lib/thumb2/libc.a(lib_a-memset.o)
 .comment       0x0000000000000000       0x4f /Users/saulricardogomez/pebble-dev/arm-cs-tools/bin/../lib/gcc/arm-none-eabi/4.6.3/thumb2/crtend.o

.debug_line     0x0000000000000000      0x2d1
 .debug_line    0x0000000000000000       0x71 /Users/saulricardogomez/pebble-dev/arm-cs-tools/bin/../lib/gcc/arm-none-eabi/4.6.3/thumb2/crti.o
 .debug_line    0x0000000000000071      0x1eb src/ppf.c.1.o
 .debug_line    0x000000000000025c       0x75 /Users/saulricardogomez/pebble-dev/arm-cs-tools/bin/../lib/gcc/arm-none-eabi/4.6.3/thumb2/crtn.o

.debug_info     0x0000000000000000     0x1578
 .debug_info    0x0000000000000000       0xb2 /Users/saulricardogomez/pebble-dev/arm-cs-tools/bin/../lib/gcc/arm-none-eabi/4.6.3/thumb2/crti.o
 .debug_info    0x00000000000000b2     0x1414 src/ppf.c.1.o
 .debug_info    0x00000000000014c6       0xb2 /Users/saulricardogomez/pebble-dev/arm-cs-tools/bin/../lib/gcc/arm-none-eabi/4.6.3/thumb2/crtn.o

.debug_abbrev   0x0000000000000000      0x22e
 .debug_abbrev  0x0000000000000000       0x12 /Users/saulricardogomez/pebble-dev/arm-cs-tools/bin/../lib/gcc/arm-none-eabi/4.6.3/thumb2/crti.o
 .debug_abbrev  0x0000000000000012      0x20a src/ppf.c.1.o
 .debug_abbrev  0x000000000000021c       0x12 /Users/saulricardogomez/pebble-dev/arm-cs-tools/bin/../lib/gcc/arm-none-eabi/4.6.3/thumb2/crtn.o

.debug_aranges  0x0000000000000000       0x70
 .debug_aranges
                0x0000000000000000       0x28 /Users/saulricardogomez/pebble-dev/arm-cs-tools/bin/../lib/gcc/arm-none-eabi/4.6.3/thumb2/crti.o
 .debug_aranges
                0x0000000000000028       0x20 src/ppf.c.1.o
 .debug_aranges
                0x0000000000000048       0x28 /Users/saulricardogomez/pebble-dev/arm-cs-tools/bin/../lib/gcc/arm-none-eabi/4.6.3/thumb2/crtn.o

.debug_ranges   0x0000000000000000       0x40
 .debug_ranges  0x0000000000000000       0x20 /Users/saulricardogomez/pebble-dev/arm-cs-tools/bin/../lib/gcc/arm-none-eabi/4.6.3/thumb2/crti.o
 .debug_ranges  0x0000000000000020       0x20 /Users/saulricardogomez/pebble-dev/arm-cs-tools/bin/../lib/gcc/arm-none-eabi/4.6.3/thumb2/crtn.o

.debug_loc      0x0000000000000000      0x11e
 .debug_loc     0x0000000000000000      0x11e src/ppf.c.1.o

.debug_str      0x0000000000000000      0xd7a
 .debug_str     0x0000000000000000      0xd7a src/ppf.c.1.o
                                        0xe4f (size before relaxing)

.debug_frame    0x0000000000000000       0xb0
 .debug_frame   0x0000000000000000       0xb0 src/ppf.c.1.o
